                          Test document
=========================================================================
|| Thomas
|| Garcia
|| June 27, 1971
|| Cryptorchism
=========================================================================
|| Joseph
|| Williams
|| April 9, 2002
|| Cryptorchism
=========================================================================
|| James
|| Rodriguez
|| March 20, 2006
|| Chronic pancreatitis
=========================================================================
|| Robert
|| Jones
|| May 6, 2001
|| Prostatitis
=========================================================================
|| Charles
|| Martinez
|| September 15, 1981
|| Rectal cancer
=========================================================================
|| Michael
|| Miller
|| October 29, 2006
|| Rectal cancer
=========================================================================
|| David
|| Davis
|| September 26, 1961
|| Prostate adenoma
=========================================================================
|| John
|| Smith
|| October 6, 2010
|| Chlamydia
=========================================================================
|| Richard
|| Johnson
|| June 17, 1972
|| Rectal cancer
=========================================================================
|| William
|| Brown
|| April 28, 1993
|| Chronic pancreatitis
=========================================================================
